2026-04-23T09:05:44:    ▲ Next.js 15.5.4
2026-04-23T09:05:44:    ▲ Next.js 15.5.4
2026-04-23T09:05:44:    - Local:        http://localhost:3000
2026-04-23T09:05:44:    - Network:      http://26.127.145.20:3000
2026-04-23T09:05:44: 
2026-04-23T09:05:44:  ✓ Starting...
2026-04-23T09:05:44:    - Local:        http://localhost:3000
2026-04-23T09:05:44:    - Network:      http://26.127.145.20:3000
2026-04-23T09:05:44: 
2026-04-23T09:05:44:  ✓ Starting...
2026-04-23T09:05:45:  ✓ Ready in 2.2s
2026-04-23T09:05:45:  ✓ Ready in 2.2s
2026-04-23T09:56:43:    ▲ Next.js 15.5.4
2026-04-23T09:56:43:    ▲ Next.js 15.5.4
2026-04-23T09:56:43:    - Local:        http://localhost:3000
2026-04-23T09:56:43:    - Network:      http://26.127.145.20:3000
2026-04-23T09:56:43: 
2026-04-23T09:56:43:  ✓ Starting...
2026-04-23T09:56:43:    - Local:        http://localhost:3000
2026-04-23T09:56:43:    - Network:      http://26.127.145.20:3000
2026-04-23T09:56:43: 
2026-04-23T09:56:43:  ✓ Starting...
2026-04-23T09:56:45:  ✓ Ready in 4.1s
2026-04-23T09:56:45:  ✓ Ready in 4s
2026-04-25T09:41:06:    ▲ Next.js 15.5.4
2026-04-25T09:41:06:    ▲ Next.js 15.5.4
2026-04-25T09:41:06:    - Local:        http://localhost:3000
2026-04-25T09:41:06:    - Network:      http://26.127.145.20:3000
2026-04-25T09:41:06: 
2026-04-25T09:41:06:  ✓ Starting...
2026-04-25T09:41:06:    - Local:        http://localhost:3000
2026-04-25T09:41:06:    - Network:      http://26.127.145.20:3000
2026-04-25T09:41:06: 
2026-04-25T09:41:06:  ✓ Starting...
2026-04-25T09:41:08:  ✓ Ready in 3.2s
2026-04-25T09:41:08:  ✓ Ready in 3.7s
2026-04-25T11:58:41:    ▲ Next.js 15.5.4
2026-04-25T11:58:41:    ▲ Next.js 15.5.4
2026-04-25T11:58:41:    - Local:        http://localhost:3000
2026-04-25T11:58:41:    - Network:      http://26.127.145.20:3000
2026-04-25T11:58:41: 
2026-04-25T11:58:41:  ✓ Starting...
2026-04-25T11:58:41:    - Local:        http://localhost:3000
2026-04-25T11:58:41:    - Network:      http://26.127.145.20:3000
2026-04-25T11:58:41: 
2026-04-25T11:58:41:  ✓ Starting...
2026-04-25T11:58:44:  ✓ Ready in 23.7s
2026-04-25T11:58:44:  ✓ Ready in 24.4s
2026-04-25T12:01:27:    ▲ Next.js 15.5.4
2026-04-25T12:01:27:    - Local:        http://localhost:3000
2026-04-25T12:01:27:    - Network:      http://26.127.145.20:3000
2026-04-25T12:01:27: 
2026-04-25T12:01:27:  ✓ Starting...
2026-04-25T12:01:30:  ✓ Ready in 4.3s
2026-04-25T12:03:05:    ▲ Next.js 15.5.4
2026-04-25T12:03:05:    - Local:        http://localhost:3000
2026-04-25T12:03:05:    - Network:      http://26.127.145.20:3000
2026-04-25T12:03:05: 
2026-04-25T12:03:05:  ✓ Starting...
2026-04-25T12:03:07:  ✓ Ready in 3.8s
2026-04-25T12:07:05:    ▲ Next.js 15.5.4
2026-04-25T12:07:05:    - Local:        http://localhost:3000
2026-04-25T12:07:05:    - Network:      http://26.127.145.20:3000
2026-04-25T12:07:05: 
2026-04-25T12:07:05:  ✓ Starting...
2026-04-25T12:07:08:  ✓ Ready in 4.4s
2026-04-25T12:08:42:    ▲ Next.js 15.5.4
2026-04-25T12:08:42:    - Local:        http://localhost:3000
2026-04-25T12:08:42:    - Network:      http://26.127.145.20:3000
2026-04-25T12:08:42: 
2026-04-25T12:08:42:  ✓ Starting...
2026-04-25T12:08:45:  ✓ Ready in 4.1s
2026-04-25T17:14:47:    ▲ Next.js 15.5.4
2026-04-25T17:14:47:    - Local:        http://localhost:3000
2026-04-25T17:14:47:    - Network:      http://26.127.145.20:3000
2026-04-25T17:14:47: 
2026-04-25T17:14:47:  ✓ Starting...
2026-04-25T17:14:50:  ✓ Ready in 4.6s
2026-04-25T17:31:17:    ▲ Next.js 15.5.4
2026-04-25T17:31:17:    - Local:        http://localhost:3000
2026-04-25T17:31:17:    - Network:      http://26.127.145.20:3000
2026-04-25T17:31:17: 
2026-04-25T17:31:17:  ✓ Starting...
2026-04-25T17:31:19:  ✓ Ready in 4s
2026-04-25T18:10:52:    ▲ Next.js 15.5.4
2026-04-25T18:10:52:    - Local:        http://localhost:3000
2026-04-25T18:10:52:    - Network:      http://26.127.145.20:3000
2026-04-25T18:10:52: 
2026-04-25T18:10:52:  ✓ Starting...
2026-04-25T18:10:54:  ✓ Ready in 3.8s
2026-04-25T23:36:01:    ▲ Next.js 15.5.4
2026-04-25T23:36:01:    - Local:        http://localhost:3000
2026-04-25T23:36:01:    - Network:      http://26.127.145.20:3000
2026-04-25T23:36:01: 
2026-04-25T23:36:01:  ✓ Starting...
2026-04-25T23:36:04:  ✓ Ready in 4.7s
2026-04-26T07:33:31:    ▲ Next.js 15.5.4
2026-04-26T07:33:31:    - Local:        http://localhost:3000
2026-04-26T07:33:31:    - Network:      http://26.127.145.20:3000
2026-04-26T07:33:31: 
2026-04-26T07:33:31:  ✓ Starting...
2026-04-26T07:33:35:  ✓ Ready in 6.7s
2026-04-26T07:34:28:    ▲ Next.js 15.5.4
2026-04-26T07:34:28:    - Local:        http://localhost:3000
2026-04-26T07:34:28:    - Network:      http://26.127.145.20:3000
2026-04-26T07:34:28: 
2026-04-26T07:34:28:  ✓ Starting...
2026-04-26T07:34:30:  ✓ Ready in 2.7s
2026-04-26T21:55:59:    ▲ Next.js 15.5.4
2026-04-26T21:55:59:    - Local:        http://localhost:3000
2026-04-26T21:55:59:    - Network:      http://26.127.145.20:3000
2026-04-26T21:55:59: 
2026-04-26T21:55:59:  ✓ Starting...
2026-04-26T21:56:02:  ✓ Ready in 4.5s
2026-04-26T21:57:01:    ▲ Next.js 15.5.4
2026-04-26T21:57:01:    - Local:        http://localhost:3000
2026-04-26T21:57:01:    - Network:      http://26.127.145.20:3000
2026-04-26T21:57:01: 
2026-04-26T21:57:01:  ✓ Starting...
2026-04-26T21:57:03:  ✓ Ready in 4.4s
2026-04-28T08:50:39:    ▲ Next.js 15.5.4
2026-04-28T08:50:39:    - Local:        http://localhost:3000
2026-04-28T08:50:39:    - Network:      http://26.127.145.20:3000
2026-04-28T08:50:39: 
2026-04-28T08:50:39:  ✓ Starting...
2026-04-28T08:50:41:  ✓ Ready in 2.2s
2026-04-28T08:56:40:    ▲ Next.js 15.5.4
2026-04-28T08:56:40:    - Local:        http://localhost:3000
2026-04-28T08:56:40:    - Network:      http://26.127.145.20:3000
2026-04-28T08:56:40: 
2026-04-28T08:56:40:  ✓ Starting...
2026-04-28T08:56:42:  ✓ Ready in 2.2s
2026-04-28T08:59:32:    ▲ Next.js 15.5.4
2026-04-28T08:59:32:    - Local:        http://localhost:3000
2026-04-28T08:59:32:    - Network:      http://26.127.145.20:3000
2026-04-28T08:59:32: 
2026-04-28T08:59:32:  ✓ Starting...
2026-04-28T08:59:34:  ✓ Ready in 3.1s
2026-04-28T20:14:47:    ▲ Next.js 15.5.4
2026-04-28T20:14:47:    - Local:        http://localhost:3000
2026-04-28T20:14:47:    - Network:      http://26.127.145.20:3000
2026-04-28T20:14:47: 
2026-04-28T20:14:47:  ✓ Starting...
2026-04-28T20:14:48:  ✓ Ready in 2.7s
2026-05-02T07:28:00:    ▲ Next.js 15.5.4
2026-05-02T07:28:00:    - Local:        http://localhost:3000
2026-05-02T07:28:00:    - Network:      http://26.127.145.20:3000
2026-05-02T07:28:00: 
2026-05-02T07:28:00:  ✓ Starting...
2026-05-02T07:28:03:  ✓ Ready in 3.9s
2026-05-02T08:53:00:    ▲ Next.js 15.5.4
2026-05-02T08:53:00:    - Local:        http://localhost:3000
2026-05-02T08:53:00:    - Network:      http://26.127.145.20:3000
2026-05-02T08:53:00: 
2026-05-02T08:53:00:  ✓ Starting...
2026-05-02T08:53:02:  ✓ Ready in 2.4s
2026-05-02T08:54:41:    ▲ Next.js 15.5.4
2026-05-02T08:54:41:    - Local:        http://localhost:3000
2026-05-02T08:54:41:    - Network:      http://26.127.145.20:3000
2026-05-02T08:54:41: 
2026-05-02T08:54:41:  ✓ Starting...
2026-05-02T08:54:42:  ✓ Ready in 2.2s
2026-05-02T08:56:54:    ▲ Next.js 15.5.4
2026-05-02T08:56:54:    - Local:        http://localhost:3000
2026-05-02T08:56:54:    - Network:      http://26.127.145.20:3000
2026-05-02T08:56:54: 
2026-05-02T08:56:54:  ✓ Starting...
2026-05-02T08:56:55:  ✓ Ready in 2.2s
2026-05-12T19:25:35:    ▲ Next.js 15.5.4
2026-05-12T19:25:35:    - Local:        http://localhost:3000
2026-05-12T19:25:35:    - Network:      http://26.127.145.20:3000
2026-05-12T19:25:35: 
2026-05-12T19:25:35:  ✓ Starting...
2026-05-12T19:25:38:  ✓ Ready in 3.9s
2026-05-13T11:37:15:    ▲ Next.js 15.5.4
2026-05-13T11:37:15:    - Local:        http://localhost:3000
2026-05-13T11:37:15:    - Network:      http://26.127.145.20:3000
2026-05-13T11:37:15: 
2026-05-13T11:37:15:  ✓ Starting...
2026-05-13T11:37:20:  ✓ Ready in 8s
2026-05-17T14:40:11:    ▲ Next.js 15.5.4
2026-05-17T14:40:11:    - Local:        http://localhost:3000
2026-05-17T14:40:11:    - Network:      http://26.127.145.20:3000
2026-05-17T14:40:11: 
2026-05-17T14:40:11:  ✓ Starting...
2026-05-17T14:40:13:  ✓ Ready in 2.6s
2026-05-17T14:45:28:    ▲ Next.js 15.5.4
2026-05-17T14:45:28:    - Local:        http://localhost:3000
2026-05-17T14:45:28:    - Network:      http://26.127.145.20:3000
2026-05-17T14:45:28: 
2026-05-17T14:45:28:  ✓ Starting...
2026-05-17T14:45:30:  ✓ Ready in 2.4s
2026-05-17T15:35:56:    ▲ Next.js 15.5.4
2026-05-17T15:35:56:    - Local:        http://localhost:3000
2026-05-17T15:35:56:    - Network:      http://26.127.145.20:3000
2026-05-17T15:35:56: 
2026-05-17T15:35:56:  ✓ Starting...
2026-05-17T15:36:01:  ✓ Ready in 8.8s
2026-05-17T21:27:52:    ▲ Next.js 15.5.4
2026-05-17T21:27:52:    - Local:        http://localhost:3000
2026-05-17T21:27:52:    - Network:      http://26.127.145.20:3000
2026-05-17T21:27:52: 
2026-05-17T21:27:52:  ✓ Starting...
2026-05-17T21:27:54:  ✓ Ready in 2.8s
2026-05-17T21:37:19:    ▲ Next.js 15.5.4
2026-05-17T21:37:19:    - Local:        http://localhost:3000
2026-05-17T21:37:19:    - Network:      http://26.127.145.20:3000
2026-05-17T21:37:19: 
2026-05-17T21:37:19:  ✓ Starting...
2026-05-17T21:37:22:  ✓ Ready in 4.5s
2026-05-17T21:37:54:    ▲ Next.js 15.5.4
2026-05-17T21:37:54:    - Local:        http://localhost:3000
2026-05-17T21:37:54:    - Network:      http://26.127.145.20:3000
2026-05-17T21:37:54: 
2026-05-17T21:37:54:  ✓ Starting...
2026-05-17T21:37:56:  ✓ Ready in 4.3s
2026-05-17T21:38:25:    ▲ Next.js 15.5.4
2026-05-17T21:38:25:    - Local:        http://localhost:3000
2026-05-17T21:38:25:    - Network:      http://26.127.145.20:3000
2026-05-17T21:38:25: 
2026-05-17T21:38:25:  ✓ Starting...
2026-05-17T21:38:27:  ✓ Ready in 4s
2026-05-17T21:40:48:    ▲ Next.js 15.5.4
2026-05-17T21:40:48:    - Local:        http://localhost:3000
2026-05-17T21:40:48:    - Network:      http://26.127.145.20:3000
2026-05-17T21:40:48: 
2026-05-17T21:40:48:  ✓ Starting...
2026-05-17T21:40:51:  ✓ Ready in 4.4s
2026-05-17T21:43:54:    ▲ Next.js 15.5.4
2026-05-17T21:43:54:    - Local:        http://localhost:3000
2026-05-17T21:43:54:    - Network:      http://26.127.145.20:3000
2026-05-17T21:43:54: 
2026-05-17T21:43:54:  ✓ Starting...
2026-05-17T21:43:57:  ✓ Ready in 4.1s
2026-05-17T21:49:18:    ▲ Next.js 15.5.4
2026-05-17T21:49:18:    - Local:        http://localhost:3000
2026-05-17T21:49:18:    - Network:      http://26.127.145.20:3000
2026-05-17T21:49:18: 
2026-05-17T21:49:18:  ✓ Starting...
2026-05-17T21:49:20:  ✓ Ready in 4.5s
2026-05-22T08:11:26:    ▲ Next.js 15.5.4
2026-05-22T08:11:26:    - Local:        http://localhost:3000
2026-05-22T08:11:26:    - Network:      http://26.127.145.20:3000
2026-05-22T08:11:26: 
2026-05-22T08:11:26:  ✓ Starting...
2026-05-22T08:11:33:  ✓ Ready in 11s
2026-05-23T17:39:04:    ▲ Next.js 15.5.4
2026-05-23T17:39:04:    - Local:        http://localhost:3000
2026-05-23T17:39:04:    - Network:      http://26.127.145.20:3000
2026-05-23T17:39:04: 
2026-05-23T17:39:04:  ✓ Starting...
2026-05-23T17:39:13:  ✓ Ready in 12.2s
2026-05-24T10:57:47:    ▲ Next.js 15.5.4
2026-05-24T10:57:47:    - Local:        http://localhost:3000
2026-05-24T10:57:47:    - Network:      http://26.127.145.20:3000
2026-05-24T10:57:47: 
2026-05-24T10:57:47:  ✓ Starting...
2026-05-24T10:57:51:  ✓ Ready in 12s
2026-05-25T20:44:49:    ▲ Next.js 15.5.4
2026-05-25T20:44:49:    - Local:        http://localhost:3000
2026-05-25T20:44:49:    - Network:      http://26.127.145.20:3000
2026-05-25T20:44:49: 
2026-05-25T20:44:49:  ✓ Starting...
2026-05-25T20:44:52:  ✓ Ready in 4.8s
2026-05-26T10:22:39:    ▲ Next.js 15.5.4
2026-05-26T10:22:39:    - Local:        http://localhost:3000
2026-05-26T10:22:39:    - Network:      http://26.127.145.20:3000
2026-05-26T10:22:39: 
2026-05-26T10:22:39:  ✓ Starting...
2026-05-26T10:22:48:  ✓ Ready in 11.9s
2026-05-26T10:29:09:    ▲ Next.js 15.5.4
2026-05-26T10:29:09:    - Local:        http://localhost:3000
2026-05-26T10:29:09:    - Network:      http://26.127.145.20:3000
2026-05-26T10:29:09: 
2026-05-26T10:29:09:  ✓ Starting...
2026-05-26T10:29:12:  ✓ Ready in 4s
2026-05-26T10:40:49:    ▲ Next.js 15.5.4
2026-05-26T10:40:49:    - Local:        http://localhost:3000
2026-05-26T10:40:49:    - Network:      http://26.127.145.20:3000
2026-05-26T10:40:49: 
2026-05-26T10:40:49:  ✓ Starting...
2026-05-26T10:40:51:  ✓ Ready in 4.1s
2026-05-26T10:55:09:    ▲ Next.js 15.5.4
2026-05-26T10:55:09:    - Local:        http://localhost:3000
2026-05-26T10:55:09:    - Network:      http://26.127.145.20:3000
2026-05-26T10:55:09: 
2026-05-26T10:55:09:  ✓ Starting...
2026-05-26T10:55:11:  ✓ Ready in 4s
2026-05-26T10:55:41:    ▲ Next.js 15.5.4
2026-05-26T10:55:41:    - Local:        http://localhost:3000
2026-05-26T10:55:41:    - Network:      http://26.127.145.20:3000
2026-05-26T10:55:41: 
2026-05-26T10:55:41:  ✓ Starting...
2026-05-26T10:55:43:  ✓ Ready in 3.7s
2026-05-26T16:08:24:    ▲ Next.js 15.5.4
2026-05-26T16:08:24:    - Local:        http://localhost:3000
2026-05-26T16:08:24:    - Network:      http://26.127.145.20:3000
2026-05-26T16:08:24: 
2026-05-26T16:08:24:  ✓ Starting...
2026-05-26T16:08:26:  ✓ Ready in 4.5s
2026-05-27T08:19:21:    ▲ Next.js 15.5.4
2026-05-27T08:19:21:    - Local:        http://localhost:3000
2026-05-27T08:19:21:    - Network:      http://26.127.145.20:3000
2026-05-27T08:19:21: 
2026-05-27T08:19:21:  ✓ Starting...
2026-05-27T08:19:28:  ✓ Ready in 10.6s
2026-05-27T15:51:26:    ▲ Next.js 15.5.4
2026-05-27T15:51:26:    - Local:        http://localhost:3000
2026-05-27T15:51:26:    - Network:      http://26.127.145.20:3000
2026-05-27T15:51:26: 
2026-05-27T15:51:26:  ✓ Starting...
2026-05-27T15:51:36:  ✓ Ready in 20.7s
2026-05-31T07:05:58:    ▲ Next.js 15.5.4
2026-05-31T07:05:58:    - Local:        http://localhost:3000
2026-05-31T07:05:58:    - Network:      http://26.127.145.20:3000
2026-05-31T07:05:58: 
2026-05-31T07:05:58:  ✓ Starting...
2026-05-31T07:06:02:  ✓ Ready in 6.9s
2026-05-31T07:15:56:    ▲ Next.js 15.5.4
2026-05-31T07:15:56:    - Local:        http://localhost:3000
2026-05-31T07:15:56:    - Network:      http://26.127.145.20:3000
2026-05-31T07:15:56: 
2026-05-31T07:15:56:  ✓ Starting...
2026-05-31T07:16:05:  ✓ Ready in 11.4s
2026-05-31T07:23:33:    ▲ Next.js 15.5.4
2026-05-31T07:23:33:    - Local:        http://localhost:3000
2026-05-31T07:23:33:    - Network:      http://26.127.145.20:3000
2026-05-31T07:23:33: 
2026-05-31T07:23:33:  ✓ Starting...
2026-05-31T07:23:40:  ✓ Ready in 10s
